This is pdfTeX, Version 3.141592653-2.6-1.40.27 (TeX Live 2025) (preloaded format=pdflatex 2025.6.7)  7 JUN 2025 11:58
entering extended mode
 \write18 enabled.
 file:line:error style messages enabled.
 %&-line parsing enabled.
**/Users/owen/spotify-recommender/report/report.tex
(/Users/owen/spotify-recommender/report/report.tex
LaTeX2e <2024-11-01> patch level 2
L3 programming layer <2025-01-18>
(/usr/local/texlive/2025/texmf-dist/tex/latex/base/report.cls
Document Class: report 2024/06/29 v1.4n Standard LaTeX document class
(/usr/local/texlive/2025/texmf-dist/tex/latex/base/size11.clo
File: size11.clo 2024/06/29 v1.4n Standard LaTeX file (size option)
)
\c@part=\count196
\c@chapter=\count197
\c@section=\count198
\c@subsection=\count199
\c@subsubsection=\count266
\c@paragraph=\count267
\c@subparagraph=\count268
\c@figure=\count269
\c@table=\count270
\abovecaptionskip=\skip49
\belowcaptionskip=\skip50
\bibindent=\dimen141
) (/usr/local/texlive/2025/texmf-dist/tex/latex/footmisc/footmisc.sty
Package: footmisc 2024/12/24 v6.0g a miscellany of footnote facilities
\FN@temptoken=\toks17
\footnotemargin=\dimen142
\@outputbox@depth=\dimen143
 (/usr/local/texlive/2025/texmf-dist/tex/latex/bigfoot/perpage.sty
Package: perpage 2014/10/25 2.0 Reset/sort counters per page
\c@abspage=\count271
)
\c@pp@a@footnote=\count272
Package footmisc Info: Declaring symbol style bringhurst on input line 699.
Package footmisc Info: Declaring symbol style chicago on input line 707.
Package footmisc Info: Declaring symbol style wiley on input line 716.
Package footmisc Info: Declaring symbol style lamport-robust on input line 727.
Package footmisc Info: Declaring symbol style lamport* on input line 747.
Package footmisc Info: Declaring symbol style lamport*-robust on input line 768.
) (/usr/local/texlive/2025/texmf-dist/tex/latex/graphics/graphicx.sty
Package: graphicx 2021/09/16 v1.2d Enhanced LaTeX Graphics (DPC,SPQR)
 (/usr/local/texlive/2025/texmf-dist/tex/latex/graphics/keyval.sty
Package: keyval 2022/05/29 v1.15 key=value parser (DPC)
\KV@toks@=\toks18
) (/usr/local/texlive/2025/texmf-dist/tex/latex/graphics/graphics.sty
Package: graphics 2024/08/06 v1.4g Standard LaTeX Graphics (DPC,SPQR)
 (/usr/local/texlive/2025/texmf-dist/tex/latex/graphics/trig.sty
Package: trig 2023/12/02 v1.11 sin cos tan (DPC)
) (/usr/local/texlive/2025/texmf-dist/tex/latex/graphics-cfg/graphics.cfg
File: graphics.cfg 2016/06/04 v1.11 sample graphics configuration
)
Package graphics Info: Driver file: pdftex.def on input line 106.
 (/usr/local/texlive/2025/texmf-dist/tex/latex/graphics-def/pdftex.def
File: pdftex.def 2024/04/13 v1.2c Graphics/color driver for pdftex
))
\Gin@req@height=\dimen144
\Gin@req@width=\dimen145
) (/usr/local/texlive/2025/texmf-dist/tex/latex/hyperref/hyperref.sty
Package: hyperref 2024-11-05 v7.01l Hypertext links for LaTeX
 (/usr/local/texlive/2025/texmf-dist/tex/generic/iftex/iftex.sty
Package: iftex 2024/12/12 v1.0g TeX engine tests
) (/usr/local/texlive/2025/texmf-dist/tex/latex/kvsetkeys/kvsetkeys.sty
Package: kvsetkeys 2022-10-05 v1.19 Key value parser (HO)
) (/usr/local/texlive/2025/texmf-dist/tex/generic/kvdefinekeys/kvdefinekeys.sty
Package: kvdefinekeys 2019-12-19 v1.6 Define keys (HO)
) (/usr/local/texlive/2025/texmf-dist/tex/generic/pdfescape/pdfescape.sty
Package: pdfescape 2019/12/09 v1.15 Implements pdfTeX's escape features (HO)
 (/usr/local/texlive/2025/texmf-dist/tex/generic/ltxcmds/ltxcmds.sty
Package: ltxcmds 2023-12-04 v1.26 LaTeX kernel commands for general use (HO)
) (/usr/local/texlive/2025/texmf-dist/tex/generic/pdftexcmds/pdftexcmds.sty
Package: pdftexcmds 2020-06-27 v0.33 Utility functions of pdfTeX for LuaTeX (HO)
 (/usr/local/texlive/2025/texmf-dist/tex/generic/infwarerr/infwarerr.sty
Package: infwarerr 2019/12/03 v1.5 Providing info/warning/error messages (HO)
)
Package pdftexcmds Info: \pdf@primitive is available.
Package pdftexcmds Info: \pdf@ifprimitive is available.
Package pdftexcmds Info: \pdfdraftmode found.
)) (/usr/local/texlive/2025/texmf-dist/tex/latex/hycolor/hycolor.sty
Package: hycolor 2020-01-27 v1.10 Color options for hyperref/bookmark (HO)
) (/usr/local/texlive/2025/texmf-dist/tex/latex/hyperref/nameref.sty
Package: nameref 2023-11-26 v2.56 Cross-referencing by name of section
 (/usr/local/texlive/2025/texmf-dist/tex/latex/refcount/refcount.sty
Package: refcount 2019/12/15 v3.6 Data extraction from label references (HO)
) (/usr/local/texlive/2025/texmf-dist/tex/generic/gettitlestring/gettitlestring.sty
Package: gettitlestring 2019/12/15 v1.6 Cleanup title references (HO)
 (/usr/local/texlive/2025/texmf-dist/tex/latex/kvoptions/kvoptions.sty
Package: kvoptions 2022-06-15 v3.15 Key value format for package options (HO)
))
\c@section@level=\count273
) (/usr/local/texlive/2025/texmf-dist/tex/latex/etoolbox/etoolbox.sty
Package: etoolbox 2025/02/11 v2.5l e-TeX tools for LaTeX (JAW)
\etb@tempcnta=\count274
) (/usr/local/texlive/2025/texmf-dist/tex/generic/stringenc/stringenc.sty
Package: stringenc 2019/11/29 v1.12 Convert strings between diff. encodings (HO)
)
\@linkdim=\dimen146
\Hy@linkcounter=\count275
\Hy@pagecounter=\count276
 (/usr/local/texlive/2025/texmf-dist/tex/latex/hyperref/pd1enc.def
File: pd1enc.def 2024-11-05 v7.01l Hyperref: PDFDocEncoding definition (HO)
Now handling font encoding PD1 ...
... no UTF-8 mapping file for font encoding PD1
) (/usr/local/texlive/2025/texmf-dist/tex/generic/intcalc/intcalc.sty
Package: intcalc 2019/12/15 v1.3 Expandable calculations with integers (HO)
)
\Hy@SavedSpaceFactor=\count277
 (/usr/local/texlive/2025/texmf-dist/tex/latex/hyperref/puenc.def
File: puenc.def 2024-11-05 v7.01l Hyperref: PDF Unicode definition (HO)
Now handling font encoding PU ...
... no UTF-8 mapping file for font encoding PU
)
Package hyperref Info: Hyper figures OFF on input line 4157.
Package hyperref Info: Link nesting OFF on input line 4162.
Package hyperref Info: Hyper index ON on input line 4165.
Package hyperref Info: Plain pages OFF on input line 4172.
Package hyperref Info: Backreferencing OFF on input line 4177.
Package hyperref Info: Implicit mode ON; LaTeX internals redefined.
Package hyperref Info: Bookmarks ON on input line 4424.
\c@Hy@tempcnt=\count278
 (/usr/local/texlive/2025/texmf-dist/tex/latex/url/url.sty
\Urlmuskip=\muskip17
Package: url 2013/09/16  ver 3.4  Verb mode for urls, etc.
)
LaTeX Info: Redefining \url on input line 4763.
\XeTeXLinkMargin=\dimen147
 (/usr/local/texlive/2025/texmf-dist/tex/generic/bitset/bitset.sty
Package: bitset 2019/12/09 v1.3 Handle bit-vector datatype (HO)
 (/usr/local/texlive/2025/texmf-dist/tex/generic/bigintcalc/bigintcalc.sty
Package: bigintcalc 2019/12/15 v1.5 Expandable calculations on big integers (HO)
))
\Fld@menulength=\count279
\Field@Width=\dimen148
\Fld@charsize=\dimen149
Package hyperref Info: Hyper figures OFF on input line 6042.
Package hyperref Info: Link nesting OFF on input line 6047.
Package hyperref Info: Hyper index ON on input line 6050.
Package hyperref Info: backreferencing OFF on input line 6057.
Package hyperref Info: Link coloring OFF on input line 6062.
Package hyperref Info: Link coloring with OCG OFF on input line 6067.
Package hyperref Info: PDF/A mode OFF on input line 6072.
 (/usr/local/texlive/2025/texmf-dist/tex/latex/base/atbegshi-ltx.sty
Package: atbegshi-ltx 2021/01/10 v1.0c Emulation of the original atbegshi
package with kernel methods
)
\Hy@abspage=\count280
\c@Item=\count281
\c@Hfootnote=\count282
)
Package hyperref Info: Driver (autodetected): hpdftex.
 (/usr/local/texlive/2025/texmf-dist/tex/latex/hyperref/hpdftex.def
File: hpdftex.def 2024-11-05 v7.01l Hyperref driver for pdfTeX
 (/usr/local/texlive/2025/texmf-dist/tex/latex/base/atveryend-ltx.sty
Package: atveryend-ltx 2020/08/19 v1.0a Emulation of the original atveryend package
with kernel methods
)
\Fld@listcount=\count283
\c@bookmark@seq@number=\count284
 (/usr/local/texlive/2025/texmf-dist/tex/latex/rerunfilecheck/rerunfilecheck.sty
Package: rerunfilecheck 2022-07-10 v1.10 Rerun checks for auxiliary files (HO)
 (/usr/local/texlive/2025/texmf-dist/tex/generic/uniquecounter/uniquecounter.sty
Package: uniquecounter 2019/12/15 v1.4 Provide unlimited unique counter (HO)
)
Package uniquecounter Info: New unique counter `rerunfilecheck' on input line 285.
)
\Hy@SectionHShift=\skip51
) (/usr/local/texlive/2025/texmf-dist/tex/latex/subfiles/subfiles.sty
Package: subfiles 2020/11/14 v2.2 Multi-file projects (package)
 (/usr/local/texlive/2025/texmf-dist/tex/latex/import/import.sty
Package: import 2020/04/01  v 6.2
)) (/usr/local/texlive/2025/texmf-dist/tex/latex/parskip/parskip.sty
Package: parskip 2021-03-14 v2.0h non-zero parskip adjustments
) (/usr/local/texlive/2025/texmf-dist/tex/latex/amsmath/amsmath.sty
Package: amsmath 2024/11/05 v2.17t AMS math features
\@mathmargin=\skip52

For additional information on amsmath, use the `?' option.
(/usr/local/texlive/2025/texmf-dist/tex/latex/amsmath/amstext.sty
Package: amstext 2021/08/26 v2.01 AMS text
 (/usr/local/texlive/2025/texmf-dist/tex/latex/amsmath/amsgen.sty
File: amsgen.sty 1999/11/30 v2.0 generic functions
\@emptytoks=\toks19
\ex@=\dimen150
)) (/usr/local/texlive/2025/texmf-dist/tex/latex/amsmath/amsbsy.sty
Package: amsbsy 1999/11/29 v1.2d Bold Symbols
\pmbraise@=\dimen151
) (/usr/local/texlive/2025/texmf-dist/tex/latex/amsmath/amsopn.sty
Package: amsopn 2022/04/08 v2.04 operator names
)
\inf@bad=\count285
LaTeX Info: Redefining \frac on input line 233.
\uproot@=\count286
\leftroot@=\count287
LaTeX Info: Redefining \overline on input line 398.
LaTeX Info: Redefining \colon on input line 409.
\classnum@=\count288
\DOTSCASE@=\count289
LaTeX Info: Redefining \ldots on input line 495.
LaTeX Info: Redefining \dots on input line 498.
LaTeX Info: Redefining \cdots on input line 619.
\Mathstrutbox@=\box52
\strutbox@=\box53
LaTeX Info: Redefining \big on input line 721.
LaTeX Info: Redefining \Big on input line 722.
LaTeX Info: Redefining \bigg on input line 723.
LaTeX Info: Redefining \Bigg on input line 724.
\big@size=\dimen152
LaTeX Font Info:    Redeclaring font encoding OML on input line 742.
LaTeX Font Info:    Redeclaring font encoding OMS on input line 743.
\macc@depth=\count290
LaTeX Info: Redefining \bmod on input line 904.
LaTeX Info: Redefining \pmod on input line 909.
LaTeX Info: Redefining \smash on input line 939.
LaTeX Info: Redefining \relbar on input line 969.
LaTeX Info: Redefining \Relbar on input line 970.
\c@MaxMatrixCols=\count291
\dotsspace@=\muskip18
\c@parentequation=\count292
\dspbrk@lvl=\count293
\tag@help=\toks20
\row@=\count294
\column@=\count295
\maxfields@=\count296
\andhelp@=\toks21
\eqnshift@=\dimen153
\alignsep@=\dimen154
\tagshift@=\dimen155
\tagwidth@=\dimen156
\totwidth@=\dimen157
\lineht@=\dimen158
\@envbody=\toks22
\multlinegap=\skip53
\multlinetaggap=\skip54
\mathdisplay@stack=\toks23
LaTeX Info: Redefining \[ on input line 2953.
LaTeX Info: Redefining \] on input line 2954.
) (/usr/local/texlive/2025/texmf-dist/tex/latex/amsfonts/amssymb.sty
Package: amssymb 2013/01/14 v3.01 AMS font symbols
 (/usr/local/texlive/2025/texmf-dist/tex/latex/amsfonts/amsfonts.sty
Package: amsfonts 2013/01/14 v3.01 Basic AMSFonts support
\symAMSa=\mathgroup4
\symAMSb=\mathgroup5
LaTeX Font Info:    Redeclaring math symbol \hbar on input line 98.
LaTeX Font Info:    Overwriting math alphabet `\mathfrak' in version `bold'
(Font)                  U/euf/m/n --> U/euf/b/n on input line 106.
)) (/usr/local/texlive/2025/texmf-dist/tex/latex/ragged2e/ragged2e.sty
Package: ragged2e 2023/06/22 v3.6 ragged2e Package
\CenteringLeftskip=\skip55
\RaggedLeftLeftskip=\skip56
\RaggedRightLeftskip=\skip57
\CenteringRightskip=\skip58
\RaggedLeftRightskip=\skip59
\RaggedRightRightskip=\skip60
\CenteringParfillskip=\skip61
\RaggedLeftParfillskip=\skip62
\RaggedRightParfillskip=\skip63
\JustifyingParfillskip=\skip64
\CenteringParindent=\skip65
\RaggedLeftParindent=\skip66
\RaggedRightParindent=\skip67
\JustifyingParindent=\skip68
) (/usr/local/texlive/2025/texmf-dist/tex/latex/titlesec/titlesec.sty
Package: titlesec 2025/01/04 v2.17 Sectioning titles
\ttl@box=\box54
\beforetitleunit=\skip69
\aftertitleunit=\skip70
\ttl@plus=\dimen159
\ttl@minus=\dimen160
\ttl@toksa=\toks24
\titlewidth=\dimen161
\titlewidthlast=\dimen162
\titlewidthfirst=\dimen163
) (/usr/local/texlive/2025/texmf-dist/tex/latex/listings/listings.sty
\lst@mode=\count297
\lst@gtempboxa=\box55
\lst@token=\toks25
\lst@length=\count298
\lst@currlwidth=\dimen164
\lst@column=\count299
\lst@pos=\count300
\lst@lostspace=\dimen165
\lst@width=\dimen166
\lst@newlines=\count301
\lst@lineno=\count302
\lst@maxwidth=\dimen167
 (/usr/local/texlive/2025/texmf-dist/tex/latex/listings/lstpatch.sty
File: lstpatch.sty 2024/09/23 1.10c (Carsten Heinz)
) (/usr/local/texlive/2025/texmf-dist/tex/latex/listings/lstmisc.sty
File: lstmisc.sty 2024/09/23 1.10c (Carsten Heinz)
\c@lstnumber=\count303
\lst@skipnumbers=\count304
\lst@framebox=\box56
) (/usr/local/texlive/2025/texmf-dist/tex/latex/listings/listings.cfg
File: listings.cfg 2024/09/23 1.10c listings configuration
))
Package: listings 2024/09/23 1.10c (Carsten Heinz)
 (/usr/local/texlive/2025/texmf-dist/tex/latex/graphics/color.sty
Package: color 2024/06/23 v1.3e Standard LaTeX Color (DPC)
 (/usr/local/texlive/2025/texmf-dist/tex/latex/graphics-cfg/color.cfg
File: color.cfg 2016/01/02 v1.6 sample color configuration
)
Package color Info: Driver file: pdftex.def on input line 149.
 (/usr/local/texlive/2025/texmf-dist/tex/latex/graphics/mathcolor.ltx)) (/usr/local/texlive/2025/texmf-dist/tex/latex/xurl/xurl.sty
Package: xurl 2022/01/09 v 0.10 modify URL breaks
) (/usr/local/texlive/2025/texmf-dist/tex/latex/float/float.sty
Package: float 2001/11/08 v1.3d Float enhancements (AL)
\c@float@type=\count305
\float@exts=\toks26
\float@box=\box57
\@float@everytoks=\toks27
\@floatcapt=\box58
) (/usr/local/texlive/2025/texmf-dist/tex/latex/preprint/authblk.sty
Package: authblk 2001/02/27 1.3 (PWD)
\affilsep=\skip71
\@affilsep=\skip72
\c@Maxaffil=\count306
\c@authors=\count307
\c@affil=\count308
) (/usr/local/texlive/2025/texmf-dist/tex/latex/xcolor/xcolor.sty
Package: xcolor 2024/09/29 v3.02 LaTeX color extensions (UK)
 (/usr/local/texlive/2025/texmf-dist/tex/latex/graphics-cfg/color.cfg
File: color.cfg 2016/01/02 v1.6 sample color configuration
)
Package xcolor Info: Driver file: pdftex.def on input line 274.
LaTeX Info: Redefining \color on input line 762.
 (/usr/local/texlive/2025/texmf-dist/tex/latex/graphics/mathcolor.ltx)
Package xcolor Info: Model `cmy' substituted by `cmy0' on input line 1349.
Package xcolor Info: Model `hsb' substituted by `rgb' on input line 1353.
Package xcolor Info: Model `RGB' extended on input line 1365.
Package xcolor Info: Model `HTML' substituted by `rgb' on input line 1367.
Package xcolor Info: Model `Hsb' substituted by `hsb' on input line 1368.
Package xcolor Info: Model `tHsb' substituted by `hsb' on input line 1369.
Package xcolor Info: Model `HSB' substituted by `hsb' on input line 1370.
Package xcolor Info: Model `Gray' substituted by `gray' on input line 1371.
Package xcolor Info: Model `wave' substituted by `hsb' on input line 1372.
) (/usr/local/texlive/2025/texmf-dist/tex/latex/caption/caption.sty
Package: caption 2023/08/05 v3.6o Customizing captions (AR)
 (/usr/local/texlive/2025/texmf-dist/tex/latex/caption/caption3.sty
Package: caption3 2023/07/31 v2.4d caption3 kernel (AR)
\caption@tempdima=\dimen168
\captionmargin=\dimen169
\caption@leftmargin=\dimen170
\caption@rightmargin=\dimen171
\caption@width=\dimen172
\caption@indent=\dimen173
\caption@parindent=\dimen174
\caption@hangindent=\dimen175
Package caption Info: Standard document class detected.
)
\c@caption@flags=\count309
\c@continuedfloat=\count310
Package caption Info: float package is loaded.
Package caption Info: hyperref package is loaded.
Package caption Info: listings package is loaded.
) (/usr/local/texlive/2025/texmf-dist/tex/latex/lipsum/lipsum.sty (/usr/local/texlive/2025/texmf-dist/tex/latex/l3packages/l3keys2e/l3keys2e.sty (/usr/local/texlive/2025/texmf-dist/tex/latex/l3kernel/expl3.sty
Package: expl3 2025-01-18 L3 programming layer (loader) 
 (/usr/local/texlive/2025/texmf-dist/tex/latex/l3backend/l3backend-pdftex.def
File: l3backend-pdftex.def 2024-05-08 L3 backend support: PDF output (pdfTeX)
\l__color_backend_stack_int=\count311
\l__pdf_internal_box=\box59
))
Package: l3keys2e 2024-08-16 LaTeX2e option processing using LaTeX3 keys
)
Package: lipsum 2021-09-20 v2.7 150 paragraphs of Lorem Ipsum dummy text
\g__lipsum_par_int=\count312
\l__lipsum_a_int=\count313
\l__lipsum_b_int=\count314
 (/usr/local/texlive/2025/texmf-dist/tex/latex/lipsum/lipsum.ltd.tex)) (/usr/local/texlive/2025/texmf-dist/tex/latex/hyphenat/hyphenat.sty
Package: hyphenat 2009/09/02 v2.3c hyphenation utilities


Package hyphenat Warning: *******************************
(hyphenat)                * You have used the htt option.
(hyphenat)                * You are likely to get many Font Warning messages.
(hyphenat)                * These can usually be ignored.
(hyphenat)                *******************************.

\langwohyphens=\language90
LaTeX Info: Redefining \_ on input line 43.
) (/usr/local/texlive/2025/texmf-dist/tex/latex/natbib/natbib.sty
Package: natbib 2010/09/13 8.31b (PWD, AO)
\bibhang=\skip73
\bibsep=\skip74
LaTeX Info: Redefining \cite on input line 694.
\c@NAT@ctr=\count315
) (/usr/local/texlive/2025/texmf-dist/tex/latex/tocbibind/tocbibind.sty
Package: tocbibind 2010/10/13 v1.5k extra ToC listings
Package tocbibind Info: The document has chapter divisions on input line 50.


Package tocbibind Note: Using chapter style headings, unless overridden.

) (/usr/local/texlive/2025/texmf-dist/tex/latex/tools/tabularx.sty
Package: tabularx 2023/12/11 v2.12a `tabularx' package (DPC)
 (/usr/local/texlive/2025/texmf-dist/tex/latex/tools/array.sty
Package: array 2024/10/17 v2.6g Tabular extension package (FMi)
\col@sep=\dimen176
\ar@mcellbox=\box60
\extrarowheight=\dimen177
\NC@list=\toks28
\extratabsurround=\skip75
\backup@length=\skip76
\ar@cellbox=\box61
)
\TX@col@width=\dimen178
\TX@old@table=\dimen179
\TX@old@col=\dimen180
\TX@target=\dimen181
\TX@delta=\dimen182
\TX@cols=\count316
\TX@ftn=\toks29
) (/usr/local/texlive/2025/texmf-dist/tex/latex/blindtext/blindtext.sty
Package: blindtext 2012/01/06 V2.0 blindtext-Package
 (/usr/local/texlive/2025/texmf-dist/tex/latex/tools/xspace.sty
Package: xspace 2014/10/28 v1.13 Space after command names (DPC,MH)
)
\c@blindtext=\count317
\c@Blindtext=\count318
\c@blind@countparstart=\count319
\blind@countxx=\count320
\blindtext@numBlindtext=\count321
\blind@countyy=\count322
\c@blindlist=\count323
\c@blindlistlevel=\count324
\c@blindlist@level=\count325
\blind@listitem=\count326
\c@blind@listcount=\count327
\c@blind@levelcount=\count328
\blind@mathformula=\count329
\blind@Mathformula=\count330
\c@blind@randomcount=\count331
\c@blind@randommax=\count332
\c@blind@pangramcount=\count333
\c@blind@pangrammax=\count334
) (/usr/local/texlive/2025/texmf-dist/tex/latex/tools/multicol.sty
Package: multicol 2024/09/14 v1.9i multicolumn formatting (FMi)
\c@tracingmulticols=\count335
\mult@box=\box62
\multicol@leftmargin=\dimen183
\c@unbalance=\count336
\c@collectmore=\count337
\doublecol@number=\count338
\multicoltolerance=\count339
\multicolpretolerance=\count340
\full@width=\dimen184
\page@free=\dimen185
\premulticols=\dimen186
\postmulticols=\dimen187
\multicolsep=\skip77
\multicolbaselineskip=\skip78
\partial@page=\box63
\last@line=\box64
\mc@boxedresult=\box65
\maxbalancingoverflow=\dimen188
\mult@rightbox=\box66
\mult@grightbox=\box67
\mult@firstbox=\box68
\mult@gfirstbox=\box69
\@tempa=\box70
\@tempa=\box71
\@tempa=\box72
\@tempa=\box73
\@tempa=\box74
\@tempa=\box75
\@tempa=\box76
\@tempa=\box77
\@tempa=\box78
\@tempa=\box79
\@tempa=\box80
\@tempa=\box81
\@tempa=\box82
\@tempa=\box83
\@tempa=\box84
\@tempa=\box85
\@tempa=\box86
\@tempa=\box87
\@tempa=\box88
\@tempa=\box89
\@tempa=\box90
\@tempa=\box91
\@tempa=\box92
\@tempa=\box93
\@tempa=\box94
\@tempa=\box95
\@tempa=\box96
\@tempa=\box97
\@tempa=\box98
\@tempa=\box99
\@tempa=\box100
\@tempa=\box101
\@tempa=\box102
\@tempa=\box103
\@tempa=\box104
\@tempa=\box105
\c@minrows=\count341
\c@columnbadness=\count342
\c@finalcolumnbadness=\count343
\last@try=\dimen189
\multicolovershoot=\dimen190
\multicolundershoot=\dimen191
\mult@nat@firstbox=\box106
\colbreak@box=\box107
\mc@col@check@num=\count344
) (/usr/local/texlive/2025/texmf-dist/tex/latex/pdflscape/pdflscape.sty
Package: pdflscape 2022-10-27 v0.13 Display of landscape pages in PDF
 (/usr/local/texlive/2025/texmf-dist/tex/latex/pdflscape/pdflscape-nometadata.sty
Package: pdflscape-nometadata 2022-10-28 v0.13 Display of landscape pages in PDF (HO)
 (/usr/local/texlive/2025/texmf-dist/tex/latex/graphics/lscape.sty
Package: lscape 2020/05/28 v3.02 Landscape Pages (DPC)
)
Package pdflscape Info: Auto-detected driver: pdftex on input line 81.
)) (/usr/local/texlive/2025/texmf-dist/tex/latex/glossaries/base/glossaries.sty
Package: glossaries 2025/03/03 v4.56 (NLCT)
 (/usr/local/texlive/2025/texmf-dist/tex/latex/base/ifthen.sty
Package: ifthen 2024/03/16 v1.1e Standard LaTeX ifthen package (DPC)
) (/usr/local/texlive/2025/texmf-dist/tex/latex/xkeyval/xkeyval.sty
Package: xkeyval 2022/06/16 v2.9 package option processing (HA)
 (/usr/local/texlive/2025/texmf-dist/tex/generic/xkeyval/xkeyval.tex (/usr/local/texlive/2025/texmf-dist/tex/generic/xkeyval/xkvutils.tex
\XKV@toks=\toks30
\XKV@tempa@toks=\toks31
)
\XKV@depth=\count345
File: xkeyval.tex 2014/12/03 v2.7a key=value parser (HA)
)) (/usr/local/texlive/2025/texmf-dist/tex/latex/mfirstuc/mfirstuc.sty
Package: mfirstuc 2022/10/14 v2.08 (NLCT)
\@glsmfirst=\toks32
\@glsmrest=\toks33
) (/usr/local/texlive/2025/texmf-dist/tex/latex/xfor/xfor.sty
Package: xfor 2009/02/05 v1.05 (NLCT)
) (/usr/local/texlive/2025/texmf-dist/tex/latex/datatool/datatool-base.sty
Package: datatool-base 2025/03/05 v3.0.1 (NLCT)
 (/usr/local/texlive/2025/texmf-dist/tex/latex/tracklang/tracklang.sty
Package: tracklang 2025/03/04 v1.6.5 (NLCT) Track Languages
 (/usr/local/texlive/2025/texmf-dist/tex/generic/tracklang/tracklang.tex)) (/usr/local/texlive/2025/texmf-dist/tex/latex/datatool/datatool-l3fp.def
File: datatool-l3fp.def 2025/03/05 v3.0.1 (NLCT)
)
\@dtl@toks=\toks34
\@dtl@tmpcount=\count346
\dtl@tmplength=\skip79
\l__datatool_measure_box=\box108
\dtl@sortresult=\count347
 (/usr/local/texlive/2025/texmf-dist/tex/latex/datatool/datatool-utf8.ldf
File: datatool-utf8.ldf 2025/03/05 v3.0.1 (NLCT)
)
\@dtl@datatype=\count348
\l__datatool_tmpa_int=\count349
\l__datatool_tmpb_int=\count350
\l__datatool_tmpc_int=\count351
\l__datatool_tmpd_int=\count352
\l__datatool_count_int=\count353
\l__datatool_tmp_datatype_int=\count354
\l__datatool_tmpa_dim=\dimen192
\l__datatool_tmpb_dim=\dimen193
\c_datatool_unknown_int=\count355
\l__datatool_year_int=\count356
\l__datatool_month_int=\count357
\l__datatool_day_int=\count358
\l__datatool_hour_int=\count359
\l__datatool_minute_int=\count360
\l__datatool_second_int=\count361
\l__datatool_tzhour_int=\count362
\l__datatool_tzminute_int=\count363
\l__datatool_julian_int=\count364
\l__datatool_local_julian_int=\count365
\l__datatool_prefix_int=\count366
\l__datatool_suffix_int=\count367
\@dtl@foreach@level=\count368
 (/usr/local/texlive/2025/texmf-dist/tex/latex/datatool-english/datatool-english.ldf
File: datatool-english.ldf 2025/03/01 v1.0 (NLCT)
 (/usr/local/texlive/2025/texmf-dist/tex/latex/datatool-english/datatool-english-utf8.ldf
File: datatool-english-utf8.ldf 2025/03/01 v1.0 (NLCT)
))
\dtl@codeA=\count369
\dtl@codeB=\count370
)
\gls@level=\count371
\@gls@tmpb=\toks35
\gls@tmplen=\skip80
\glskeylisttok=\toks36
\glslabeltok=\toks37
\glsshorttok=\toks38
\glslongtok=\toks39
 (/usr/local/texlive/2025/texmf-dist/tex/latex/glossaries/styles/glossary-hypernav.sty
Package: glossary-hypernav 2025/03/03 v4.56 (NLCT)
) (/usr/local/texlive/2025/texmf-dist/tex/latex/glossaries/styles/glossary-list.sty
Package: glossary-list 2025/03/03 v4.56 (NLCT)
\glslistdottedwidth=\skip81
) (/usr/local/texlive/2025/texmf-dist/tex/latex/glossaries/styles/glossary-long.sty
Package: glossary-long 2025/03/03 v4.56 (NLCT)
 (/usr/local/texlive/2025/texmf-dist/tex/latex/tools/longtable.sty
Package: longtable 2024-10-27 v4.22 Multi-page Table package (DPC)
\LTleft=\skip82
\LTright=\skip83
\LTpre=\skip84
\LTpost=\skip85
\LTchunksize=\count372
\LTcapwidth=\dimen194
\LT@head=\box109
\LT@firsthead=\box110
\LT@foot=\box111
\LT@lastfoot=\box112
\LT@gbox=\box113
\LT@cols=\count373
\LT@rows=\count374
\c@LT@tables=\count375
\c@LT@chunks=\count376
\LT@p@ftn=\toks40
)
\glsdescwidth=\skip86
\glspagelistwidth=\skip87
) (/usr/local/texlive/2025/texmf-dist/tex/latex/glossaries/styles/glossary-super.sty
Package: glossary-super 2025/03/03 v4.56 (NLCT)
 (/usr/local/texlive/2025/texmf-dist/tex/latex/supertabular/supertabular.sty
Package: supertabular 2024/07/20 v4.2c the supertabular environment
\c@tracingst=\count377
\ST@wd=\dimen195
\ST@rightskip=\skip88
\ST@leftskip=\skip89
\ST@parfillskip=\skip90
\ST@pageleft=\dimen196
\ST@headht=\dimen197
\ST@tailht=\dimen198
\ST@pagesofar=\dimen199
\ST@pboxht=\dimen256
\ST@rowht=\dimen257
\ST@prevht=\dimen258
\ST@toadd=\dimen259
\ST@dimen=\dimen260
\ST@pbox=\box114
)) (/usr/local/texlive/2025/texmf-dist/tex/latex/glossaries/styles/glossary-tree.sty
Package: glossary-tree 2025/03/03 v4.56 (NLCT)
\glstreeindent=\skip91
)) (/usr/local/texlive/2025/texmf-dist/tex/latex/geometry/geometry.sty
Package: geometry 2020/01/02 v5.9 Page Geometry
 (/usr/local/texlive/2025/texmf-dist/tex/generic/iftex/ifvtex.sty
Package: ifvtex 2019/10/25 v1.7 ifvtex legacy package. Use iftex instead.
)
\Gm@cnth=\count378
\Gm@cntv=\count379
\c@Gm@tempcnt=\count380
\Gm@bindingoffset=\dimen261
\Gm@wd@mp=\dimen262
\Gm@odd@mp=\dimen263
\Gm@even@mp=\dimen264
\Gm@layoutwidth=\dimen265
\Gm@layoutheight=\dimen266
\Gm@layouthoffset=\dimen267
\Gm@layoutvoffset=\dimen268
\Gm@dimlist=\toks41
) (/usr/local/texlive/2025/texmf-dist/tex/latex/fancyhdr/fancyhdr.sty
Package: fancyhdr 2025/02/07 v5.2 Extensive control of page headers and footers
\f@nch@headwidth=\skip92
\f@nch@offset@elh=\skip93
\f@nch@offset@erh=\skip94
\f@nch@offset@olh=\skip95
\f@nch@offset@orh=\skip96
\f@nch@offset@elf=\skip97
\f@nch@offset@erf=\skip98
\f@nch@offset@olf=\skip99
\f@nch@offset@orf=\skip100
\f@nch@height=\skip101
\f@nch@footalignment=\skip102
\f@nch@widthL=\skip103
\f@nch@widthC=\skip104
\f@nch@widthR=\skip105
\@temptokenb=\toks42
) (/usr/local/texlive/2025/texmf-dist/tex/latex/graphics/rotating.sty
Package: rotating 2016/08/11 v2.16d rotated objects in LaTeX
\c@r@tfl@t=\count381
\rotFPtop=\skip106
\rotFPbot=\skip107
\rot@float@box=\box115
\rot@mess@toks=\toks43
) (/usr/local/texlive/2025/texmf-dist/tex/latex/colortbl/colortbl.sty
Package: colortbl 2024/07/06 v1.0i Color table columns (DPC)
\everycr=\toks44
\minrowclearance=\skip108
\rownum=\count382
)

LaTeX Warning: Package "xcolor" has already been loaded: ignoring load-time
(LaTeX)        option "xcdraw".

(/usr/local/texlive/2025/texmf-dist/tex/latex/algorithms/algorithm.sty
Package: algorithm 2009/08/24 v0.1 Document Style `algorithm' - floating environment
\@float@every@algorithm=\toks45
\c@algorithm=\count383
) (/usr/local/texlive/2025/texmf-dist/tex/latex/algorithmicx/algpseudocode.sty
Package: algpseudocode 
 (/usr/local/texlive/2025/texmf-dist/tex/latex/algorithmicx/algorithmicx.sty
Package: algorithmicx 2005/04/27 v1.2 Algorithmicx

Document Style algorithmicx 1.2 - a greatly improved `algorithmic' style
\c@ALG@line=\count384
\c@ALG@rem=\count385
\c@ALG@nested=\count386
\ALG@tlm=\skip109
\ALG@thistlm=\skip110
\c@ALG@Lnr=\count387
\c@ALG@blocknr=\count388
\c@ALG@storecount=\count389
\c@ALG@tmpcounter=\count390
\ALG@tmplength=\skip111
)
Document Style - pseudocode environments for use with the `algorithmicx' style
) (/usr/local/texlive/2025/texmf-dist/tex/latex/multirow/multirow.sty
Package: multirow 2024/11/12 v2.9 Span multiple rows of a table
\multirow@colwidth=\skip112
\multirow@cntb=\count391
\multirow@dima=\skip113
\bigstrutjot=\dimen269
) (./constants/constants.tex) (./commands/headerfooter.tex) (./commands/figurewithcaption.tex) (./languages/json.tex) (./configurations/configuration.tex
Package hyperref Info: Option `colorlinks' set `true' on input line 40.
) (./layouts/report.tex (./report.aux

LaTeX Warning: Label `1' multiply defined.

)
\openout1 = `report.aux'.

LaTeX Font Info:    Checking defaults for OML/cmm/m/it on input line 9.
LaTeX Font Info:    ... okay on input line 9.
LaTeX Font Info:    Checking defaults for OMS/cmsy/m/n on input line 9.
LaTeX Font Info:    ... okay on input line 9.
LaTeX Font Info:    Checking defaults for OT1/cmr/m/n on input line 9.
LaTeX Font Info:    ... okay on input line 9.
LaTeX Font Info:    Checking defaults for T1/cmr/m/n on input line 9.
LaTeX Font Info:    ... okay on input line 9.
LaTeX Font Info:    Checking defaults for TS1/cmr/m/n on input line 9.
LaTeX Font Info:    ... okay on input line 9.
LaTeX Font Info:    Checking defaults for OMX/cmex/m/n on input line 9.
LaTeX Font Info:    ... okay on input line 9.
LaTeX Font Info:    Checking defaults for U/cmr/m/n on input line 9.
LaTeX Font Info:    ... okay on input line 9.
LaTeX Font Info:    Checking defaults for PD1/pdf/m/n on input line 9.
LaTeX Font Info:    ... okay on input line 9.
LaTeX Font Info:    Checking defaults for PU/pdf/m/n on input line 9.
LaTeX Font Info:    ... okay on input line 9.
 (/usr/local/texlive/2025/texmf-dist/tex/context/base/mkii/supp-pdf.mkii
[Loading MPS to PDF converter (version 2006.09.02).]
\scratchcounter=\count392
\scratchdimen=\dimen270
\scratchbox=\box116
\nofMPsegments=\count393
\nofMParguments=\count394
\everyMPshowfont=\toks46
\MPscratchCnt=\count395
\MPscratchDim=\dimen271
\MPnumerator=\count396
\makeMPintoPDFobject=\count397
\everyMPtoPDFconversion=\toks47
) (/usr/local/texlive/2025/texmf-dist/tex/latex/epstopdf-pkg/epstopdf-base.sty
Package: epstopdf-base 2020-01-24 v2.11 Base part for package epstopdf
Package epstopdf-base Info: Redefining graphics rule for `.eps' on input line 485.
 (/usr/local/texlive/2025/texmf-dist/tex/latex/latexconfig/epstopdf-sys.cfg
File: epstopdf-sys.cfg 2010/07/13 v1.3 Configuration of (r)epstopdf for TeX Live
))
Package hyperref Info: Link coloring ON on input line 9.
 (./report.out) (./report.out)
\@outlinefile=\write3
\openout3 = `report.out'.

\c@lstlisting=\count398
Package caption Info: Begin \AtBeginDocument code.
Package caption Info: longtable package is loaded.
 (/usr/local/texlive/2025/texmf-dist/tex/latex/caption/ltcaption.sty
Package: ltcaption 2021/01/08 v1.4c longtable captions (AR)
)
Package caption Info: rotating package is loaded.
Package caption Info: supertabular package is loaded.
Package caption Info: End \AtBeginDocument code.


LaTeX Font Warning: Font shape `OT1/cmtt/m/scsl' undefined
(Font)              using `OT1/cmtt/m/sc' instead on input line 9.


LaTeX Font Warning: Font shape `OT1/cmtt/b/n' undefined
(Font)              using `OT1/cmtt/m/n' instead on input line 9.


LaTeX Font Warning: Font shape `OT1/cmtt/b/it' undefined
(Font)              using `OT1/cmtt/b/n' instead on input line 9.


LaTeX Font Warning: Font shape `OT1/cmtt/b/sl' undefined
(Font)              using `OT1/cmtt/b/it' instead on input line 9.


LaTeX Font Warning: Font shape `OT1/cmtt/b/scit' undefined
(Font)              using `OT1/cmtt/b/sc' instead on input line 9.


LaTeX Font Warning: Font shape `OT1/cmtt/b/sc' undefined
(Font)              using `OT1/cmtt/b/n' instead on input line 9.

LaTeX Font Info:    Font shape `OT1/cmtt/bx/n' in size <10.95> not available
(Font)              Font shape `OT1/cmtt/m/n' tried instead on input line 9.
LaTeX Font Info:    Font shape `OT1/cmtt/bx/it' in size <10.95> not available
(Font)              Font shape `OT1/cmtt/m/it' tried instead on input line 9.
LaTeX Font Info:    Font shape `OT1/cmtt/bx/sl' in size <10.95> not available
(Font)              Font shape `OT1/cmtt/m/n' tried instead on input line 9.

LaTeX Font Warning: Font shape `OT1/cmtt/bx/scsl' undefined
(Font)              using `OT1/cmtt/bx/sc' instead on input line 9.


LaTeX Font Warning: Font shape `OT1/cmtt/bx/sc' undefined
(Font)              using `OT1/cmtt/bx/n' instead on input line 9.


LaTeX Font Warning: Font shape `OT1/cmtt/sbx/sc' undefined
(Font)              using `OT1/cmtt/sb/sc' instead on input line 9.


LaTeX Font Warning: Font shape `OT1/cmtt/sb/n' undefined
(Font)              using `OT1/cmtt/m/n' instead on input line 9.


LaTeX Font Warning: Font shape `OT1/cmtt/sb/it' undefined
(Font)              using `OT1/cmtt/sb/n' instead on input line 9.


LaTeX Font Warning: Font shape `OT1/cmtt/sb/sl' undefined
(Font)              using `OT1/cmtt/sb/it' instead on input line 9.


LaTeX Font Warning: Font shape `OT1/cmtt/sb/scit' undefined
(Font)              using `OT1/cmtt/sb/sc' instead on input line 9.


LaTeX Font Warning: Font shape `OT1/cmtt/sb/sc' undefined
(Font)              using `OT1/cmtt/sb/n' instead on input line 9.


LaTeX Font Warning: Font shape `OT1/cmtt/sbc/sc' undefined
(Font)              using `OT1/cmtt/c/sc' instead on input line 9.


LaTeX Font Warning: Font shape `OT1/cmtt/c/n' undefined
(Font)              using `OT1/cmtt/m/n' instead on input line 9.


LaTeX Font Warning: Font shape `OT1/cmtt/c/it' undefined
(Font)              using `OT1/cmtt/c/n' instead on input line 9.


LaTeX Font Warning: Font shape `OT1/cmtt/c/sl' undefined
(Font)              using `OT1/cmtt/c/it' instead on input line 9.


LaTeX Font Warning: Font shape `OT1/cmtt/c/scit' undefined
(Font)              using `OT1/cmtt/c/sc' instead on input line 9.


LaTeX Font Warning: Font shape `OT1/cmtt/c/sc' undefined
(Font)              using `OT1/cmtt/c/n' instead on input line 9.


LaTeX Font Warning: Font shape `OT1/cmtt/lc/sc' undefined
(Font)              using `OT1/cmtt/l/sc' instead on input line 9.


LaTeX Font Warning: Font shape `OT1/cmtt/l/n' undefined
(Font)              using `OT1/cmtt/m/n' instead on input line 9.


LaTeX Font Warning: Font shape `OT1/cmtt/l/it' undefined
(Font)              using `OT1/cmtt/l/n' instead on input line 9.


LaTeX Font Warning: Font shape `OT1/cmtt/l/sl' undefined
(Font)              using `OT1/cmtt/l/it' instead on input line 9.


LaTeX Font Warning: Font shape `OT1/cmtt/l/scit' undefined
(Font)              using `OT1/cmtt/l/sc' instead on input line 9.


LaTeX Font Warning: Font shape `OT1/cmtt/l/sc' undefined
(Font)              using `OT1/cmtt/l/n' instead on input line 9.

LaTeX Font Info:    Font shape `OT1/cmtt/m/ui' in size <10.95> not available
(Font)              Font shape `OT1/cmtt/m/it' tried instead on input line 9.
LaTeX Font Info:    Font shape `OT1/cmtt/bx/ui' in size <10.95> not available
(Font)              Font shape `OT1/cmtt/m/it' tried instead on input line 9.

LaTeX Font Warning: Font shape `OT1/cmtt/m/In' undefined
(Font)              using `OT1/cmtt/m/n' instead on input line 9.

*geometry* driver: auto-detecting
*geometry* detected driver: pdftex
*geometry* verbose mode - [ preamble ] result:
* driver: pdftex
* paper: a4paper
* layout: <same size as paper>
* layoutoffset:(h,v)=(0.0pt,0.0pt)
* modes: includehead 
* h-part:(L,W,R)=(72.26999pt, 452.9679pt, 72.26999pt)
* v-part:(T,H,B)=(72.26999pt, 700.50687pt, 72.26999pt)
* \paperwidth=597.50787pt
* \paperheight=845.04684pt
* \textwidth=452.9679pt
* \textheight=625.50687pt
* \oddsidemargin=0.0pt
* \evensidemargin=0.0pt
* \topmargin=0.0pt
* \headheight=50.0pt
* \headsep=25.0pt
* \topskip=11.0pt
* \footskip=30.0pt
* \marginparwidth=50.0pt
* \marginparsep=10.0pt
* \columnsep=10.0pt
* \skip\footins=10.0pt plus 4.0pt minus 2.0pt
* \hoffset=0.0pt
* \voffset=0.0pt
* \mag=1000
* \@twocolumnfalse
* \@twosidefalse
* \@mparswitchfalse
* \@reversemarginfalse
* (1in=72.27pt=25.4mm, 1cm=28.453pt)


Underfull \hbox (badness 10000) in paragraph at lines 16--20

 []


Overfull \hbox (26.42389pt too wide) in paragraph at lines 25--30
\OT1/cmss/bx/n/24.88 than col-lab-o-ra-tive fil-ter-ing in rec-om-mender
 []



[1

{/usr/local/texlive/2025/texmf-var/fonts/map/pdftex/updmap/pdftex.map}] (./report.toc
LaTeX Font Info:    Trying to load font information for U+msa on input line 2.
 (/usr/local/texlive/2025/texmf-dist/tex/latex/amsfonts/umsa.fd
File: umsa.fd 2013/01/14 v3.01 AMS symbols A
)
LaTeX Font Info:    Trying to load font information for U+msb on input line 2.
 (/usr/local/texlive/2025/texmf-dist/tex/latex/amsfonts/umsb.fd
File: umsb.fd 2013/01/14 v3.01 AMS symbols B
)


pdfTeX warning (ext4): destination with the same identifier (name{page.1}) has been already used, duplicate ignored
<to be read again> 
                   \relax 
l.41 ...rative-filtering methods}{28}{section.6.2}
                                                  % [1

]
LaTeX Font Info:    Trying to load font information for OMS+cmr on input line 44.
 (/usr/local/texlive/2025/texmf-dist/tex/latex/base/omscmr.fd
File: omscmr.fd 2024/11/19 v2.5n Standard LaTeX font definitions
)
LaTeX Font Info:    Font shape `OMS/cmr/m/n' in size <10.95> not available
(Font)              Font shape `OMS/cmsy/m/n' tried instead on input line 44.


[2])
\tf@toc=\write4
\openout4 = `report.toc'.

 (./sections/introduction.tex

[3]
 1.


[4

]) (./sections/data.tex

[5]
 2.


[6

{/usr/local/texlive/2025/texmf-dist/fonts/enc/dvips/cm-super/cm-super-ts1.enc}]

[7]
<images/generated_data_distribution.png, id=544, 1799.523pt x 1076.1003pt>
File: images/generated_data_distribution.png Graphic file (type png)
<use images/generated_data_distribution.png>
Package pdftex.def Info: images/generated_data_distribution.png  used on input line 75.
(pdftex.def)             Requested size: 452.9679pt x 270.86345pt.


[8]

[9 <./images/generated_data_distribution.png>]
<images/user_mat_8.png, id=562, 1082.6046pt x 1174.3875pt>
File: images/user_mat_8.png Graphic file (type png)
<use images/user_mat_8.png>
Package pdftex.def Info: images/user_mat_8.png  used on input line 86.
(pdftex.def)             Requested size: 170.71652pt x 185.18204pt.
<images/user_mat_32.png, id=563, 1082.6046pt x 1174.3875pt>
File: images/user_mat_32.png Graphic file (type png)
<use images/user_mat_32.png>
Package pdftex.def Info: images/user_mat_32.png  used on input line 87.
(pdftex.def)             Requested size: 170.71652pt x 185.18204pt.
<images/user_mat_16.png, id=564, 1082.6046pt x 1174.3875pt>
File: images/user_mat_16.png Graphic file (type png)
<use images/user_mat_16.png>
Package pdftex.def Info: images/user_mat_16.png  used on input line 88.
(pdftex.def)             Requested size: 170.71652pt x 185.18204pt.
<images/user_mat_64.png, id=565, 1082.6046pt x 1174.3875pt>
File: images/user_mat_64.png Graphic file (type png)
<use images/user_mat_64.png>
Package pdftex.def Info: images/user_mat_64.png  used on input line 89.
(pdftex.def)             Requested size: 170.71652pt x 185.18204pt.
<images/user_mat_128.png, id=566, 1085.4954pt x 1183.7826pt>
File: images/user_mat_128.png Graphic file (type png)
<use images/user_mat_128.png>
Package pdftex.def Info: images/user_mat_128.png  used on input line 90.
(pdftex.def)             Requested size: 170.71652pt x 186.15773pt.

Overfull \vbox (99.9111pt too high) has occurred while \output is active []

 [10 <./images/user_mat_8.png> <./images/user_mat_32.png> <./images/user_mat_16.png> <./images/user_mat_64.png>]) (./sections/data_analysis.tex

[11 <./images/user_mat_128.png>]
 3.
<images/users_count.png, id=591, 1013.7875pt x 451.6875pt>
File: images/users_count.png Graphic file (type png)
<use images/users_count.png>
Package pdftex.def Info: images/users_count.png  used on input line 11.
(pdftex.def)             Requested size: 452.9679pt x 201.81702pt.
<images/users_genres.png, id=594, 1013.7875pt x 451.6875pt>
File: images/users_genres.png Graphic file (type png)
<use images/users_genres.png>
Package pdftex.def Info: images/users_genres.png  used on input line 14.
(pdftex.def)             Requested size: 452.9679pt x 201.81702pt.


[12

 <./images/users_count.png>]
<images/users_distribution.png, id=604, 2834.11765pt x 1619.69824pt>
File: images/users_distribution.png Graphic file (type png)
<use images/users_distribution.png>
Package pdftex.def Info: images/users_distribution.png  used on input line 17.
(pdftex.def)             Requested size: 452.9679pt x 258.86043pt.


[13 <./images/users_genres.png>]
<images/users_matrix.png, id=613, 1082.6046pt x 1174.3875pt>
File: images/users_matrix.png Graphic file (type png)
<use images/users_matrix.png>
Package pdftex.def Info: images/users_matrix.png  used on input line 20.
(pdftex.def)             Requested size: 452.9679pt x 491.35782pt.


[14 <./images/users_distribution.png>]
<images/users_pairplot.png, id=620, 1417.05882pt x 1361.79353pt>
File: images/users_pairplot.png Graphic file (type png)
<use images/users_pairplot.png>
Package pdftex.def Info: images/users_pairplot.png  used on input line 23.
(pdftex.def)             Requested size: 452.9679pt x 435.30492pt.


[15 <./images/users_matrix.png>]
<images/users_pca_2d.png, id=628, 1031.855pt x 451.6875pt>
File: images/users_pca_2d.png Graphic file (type png)
<use images/users_pca_2d.png>
Package pdftex.def Info: images/users_pca_2d.png  used on input line 27.
(pdftex.def)             Requested size: 452.9679pt x 198.28133pt.


[16 <./images/users_pairplot.png>]
<images/genres_quantity.png, id=635, 1076.02pt x 451.6875pt>
File: images/genres_quantity.png Graphic file (type png)
<use images/genres_quantity.png>
Package pdftex.def Info: images/genres_quantity.png  used on input line 31.
(pdftex.def)             Requested size: 452.9679pt x 190.14166pt.
<images/genres_normalized_quantity.png, id=636, 1076.02pt x 451.6875pt>
File: images/genres_normalized_quantity.png Graphic file (type png)
<use images/genres_normalized_quantity.png>
Package pdftex.def Info: images/genres_normalized_quantity.png  used on input line 35.
(pdftex.def)             Requested size: 452.9679pt x 190.14166pt.


[17 <./images/users_pca_2d.png> <./images/genres_quantity.png>]
<images/genres_features_distribution.png, id=645, 5050.9503pt x 3608.4411pt>
File: images/genres_features_distribution.png Graphic file (type png)
<use images/genres_features_distribution.png>
Package pdftex.def Info: images/genres_features_distribution.png  used on input line 38.
(pdftex.def)             Requested size: 452.9679pt x 323.58942pt.


[18 <./images/genres_normalized_quantity.png>]
<images/genres_scatter_matrix.png, id=653, 1417.05882pt x 1833.67412pt>
File: images/genres_scatter_matrix.png Graphic file (type png)
<use images/genres_scatter_matrix.png>
Package pdftex.def Info: images/genres_scatter_matrix.png  used on input line 41.
(pdftex.def)             Requested size: 426.79134pt x 552.26091pt.


[19 <./images/genres_features_distribution.png>]
<images/dataset_features_distribution.png, id=660, 1798.8003pt x 1076.1003pt>
File: images/dataset_features_distribution.png Graphic file (type png)
<use images/dataset_features_distribution.png>
Package pdftex.def Info: images/dataset_features_distribution.png  used on input line 44.
(pdftex.def)             Requested size: 426.79134pt x 255.31375pt.
) (./sections/affinity.tex

[20 <./images/genres_scatter_matrix.png>]

[21 <./images/dataset_features_distribution.png>]
 4.


[22

]

[23]) (./sections/metrics.tex

[24]
 5.

Overfull \hbox (59.49744pt too wide) in paragraph at lines 29--30
[][][][][][][][][][][][][][][][][][][][][][][][][] 
 []


Overfull \hbox (13.50696pt too wide) in paragraph at lines 30--32
[][][][][][][][][][][][][][][][][][][] 
 []



[25

]) (./sections/nn.tex

[26]
 6.

Overfull \hbox (22.66463pt too wide) in paragraph at lines 1--1
|[]\OT1/cmr/bx/n/20.74 Content-based fil-ter-ing us-ing Near-est Neigh-
 []



[27

]
LaTeX Font Info:    Font shape `OMS/cmr/bx/n' in size <12> not available
(Font)              Font shape `OMS/cmsy/b/n' tried instead on input line 23.


[28]

[29]
<images/nn_viz.png, id=813, 1289.81876pt x 451.6875pt>
File: images/nn_viz.png Graphic file (type png)
<use images/nn_viz.png>
Package pdftex.def Info: images/nn_viz.png  used on input line 76.
(pdftex.def)             Requested size: 452.9679pt x 158.62369pt.
) (./sections/collaborative.tex

[30 <./images/nn_viz.png>]
 7.

Package hyperref Warning: Token not allowed in a PDF string (Unicode):
(hyperref)                removing `math shift' on input line 24.


Package hyperref Warning: Token not allowed in a PDF string (Unicode):
(hyperref)                removing `math shift' on input line 24.



[31

]

[32]
Underfull \hbox (badness 10000) in paragraph at lines 49--50

 []



[33]) (./sections/lmf.tex

[34]
 8.


[35

]
Overfull \hbox (59.25645pt too wide) detected at line 69
[]
 []


Overfull \hbox (30.0pt too wide) in paragraph at lines 69--69
[] 
 []


Overfull \hbox (50.83125pt too wide) detected at line 73
[] [] \OT1/cmr/m/n/10.95 = [] \OML/cmm/m/it/10.95 r[]\OT1/cmr/m/n/10.95 (\OML/cmm/m/it/10.95 x[]y[] \OT1/cmr/m/n/10.95 + \OML/cmm/m/it/10.95 ^^L[] \OT1/cmr/m/n/10.95 + \OML/cmm/m/it/10.95 ^^L[]\OT1/cmr/m/n/10.95 ) \OMS/cmsy/m/n/10.95 ^^@ \OT1/cmr/m/n/10.95 (1 + \OML/cmm/m/it/10.95 r[]\OT1/cmr/m/n/10.95 ) [] [] \OMS/cmsy/m/n/10.95 ^^@ []k\OML/cmm/m/it/10.95 x[]\OMS/cmsy/m/n/10.95 k[] ^^@ []k\OML/cmm/m/it/10.95 y[]\OMS/cmsy/m/n/10.95 k[]
 []



[36]
Overfull \hbox (62.14519pt too wide) detected at line 99
[]
 []


Overfull \hbox (30.0pt too wide) in paragraph at lines 99--99
[] 
 []

<images/lmf_128.png, id=891, 1289.81876pt x 451.6875pt>
File: images/lmf_128.png Graphic file (type png)
<use images/lmf_128.png>
Package pdftex.def Info: images/lmf_128.png  used on input line 111.
(pdftex.def)             Requested size: 452.9679pt x 158.62369pt.


[37]
<images/lmf_mpr.png, id=898, 1289.81876pt x 451.6875pt>
File: images/lmf_mpr.png Graphic file (type png)
<use images/lmf_mpr.png>
Package pdftex.def Info: images/lmf_mpr.png  used on input line 114.
(pdftex.def)             Requested size: 452.9679pt x 158.62369pt.
<images/lmf_vsd.png, id=900, 1241.63875pt x 451.6875pt>
File: images/lmf_vsd.png Graphic file (type png)
<use images/lmf_vsd.png>
Package pdftex.def Info: images/lmf_vsd.png  used on input line 117.
(pdftex.def)             Requested size: 452.9679pt x 164.77841pt.


[38 <./images/lmf_128.png> <./images/lmf_mpr.png>]

[39 <./images/lmf_vsd.png>]
<images/lmf_metrics.png, id=917, 1241.63875pt x 451.6875pt>
File: images/lmf_metrics.png Graphic file (type png)
<use images/lmf_metrics.png>
Package pdftex.def Info: images/lmf_metrics.png  used on input line 122.
(pdftex.def)             Requested size: 452.9679pt x 164.77841pt.
<images/lmf_viz_users.png, id=918, 1289.81876pt x 451.6875pt>
File: images/lmf_viz_users.png Graphic file (type png)
<use images/lmf_viz_users.png>
Package pdftex.def Info: images/lmf_viz_users.png  used on input line 126.
(pdftex.def)             Requested size: 452.9679pt x 158.62369pt.
<images/lmf_viz_tracks.png, id=919, 1289.81876pt x 451.6875pt>
File: images/lmf_viz_tracks.png Graphic file (type png)
<use images/lmf_viz_tracks.png>
Package pdftex.def Info: images/lmf_viz_tracks.png  used on input line 127.
(pdftex.def)             Requested size: 452.9679pt x 158.62369pt.


[40 <./images/lmf_metrics.png> <./images/lmf_viz_users.png>]) (./sections/vae.tex

[41 <./images/lmf_viz_tracks.png>]
 9.

LaTeX Warning: Command \textellipsis invalid in math mode on input line 15.


LaTeX Warning: Command \textellipsis invalid in math mode on input line 19.



[42

]
<images/taxonomy.png, id=941, 637.1805pt x 184.2885pt>
File: images/taxonomy.png Graphic file (type png)
<use images/taxonomy.png>
Package pdftex.def Info: images/taxonomy.png  used on input line 75.
(pdftex.def)             Requested size: 452.9679pt x 131.01164pt.


[43]
Overfull \hbox (11.83054pt too wide) detected at line 94
[]
 []


Overfull \hbox (30.0pt too wide) in paragraph at lines 94--94
[] 
 []



[44 <./images/taxonomy.png>]
Package hyperref Info: bookmark level for unknown algorithm defaults to 0 on input line 112.


[45]
<images/train_vae_128.png, id=978, 1289.81876pt x 451.6875pt>
File: images/train_vae_128.png Graphic file (type png)
<use images/train_vae_128.png>
Package pdftex.def Info: images/train_vae_128.png  used on input line 153.
(pdftex.def)             Requested size: 452.9679pt x 158.62369pt.
<images/vae_mpr.png, id=982, 1241.63875pt x 451.6875pt>
File: images/vae_mpr.png Graphic file (type png)
<use images/vae_mpr.png>
Package pdftex.def Info: images/vae_mpr.png  used on input line 156.
(pdftex.def)             Requested size: 452.9679pt x 164.77841pt.
<images/vae_metrics.png, id=983, 1241.63875pt x 451.6875pt>
File: images/vae_metrics.png Graphic file (type png)
<use images/vae_metrics.png>
Package pdftex.def Info: images/vae_metrics.png  used on input line 157.
(pdftex.def)             Requested size: 452.9679pt x 164.77841pt.


[46 <./images/train_vae_128.png>]

[47 <./images/vae_mpr.png> <./images/vae_metrics.png>]
<images/vae_vsd.png, id=999, 1241.63875pt x 451.6875pt>
File: images/vae_vsd.png Graphic file (type png)
<use images/vae_vsd.png>
Package pdftex.def Info: images/vae_vsd.png  used on input line 162.
(pdftex.def)             Requested size: 452.9679pt x 164.77841pt.


[48 <./images/vae_vsd.png>]
<images/vae_viz_1.png, id=1007, 583.2189pt x 581.0508pt>
File: images/vae_viz_1.png Graphic file (type png)
<use images/vae_viz_1.png>
Package pdftex.def Info: images/vae_viz_1.png  used on input line 172.
(pdftex.def)             Requested size: 184.9429pt x 184.2555pt.
<images/vae_viz_2.png, id=1008, 583.2189pt x 581.0508pt>
File: images/vae_viz_2.png Graphic file (type png)
<use images/vae_viz_2.png>
Package pdftex.def Info: images/vae_viz_2.png  used on input line 173.
(pdftex.def)             Requested size: 184.9429pt x 184.2555pt.
<images/vae_viz_3.png, id=1009, 583.2189pt x 581.0508pt>
File: images/vae_viz_3.png Graphic file (type png)
<use images/vae_viz_3.png>
Package pdftex.def Info: images/vae_viz_3.png  used on input line 174.
(pdftex.def)             Requested size: 184.9429pt x 184.2555pt.
<images/vae_viz_4.png, id=1010, 583.2189pt x 581.0508pt>
File: images/vae_viz_4.png Graphic file (type png)
<use images/vae_viz_4.png>
Package pdftex.def Info: images/vae_viz_4.png  used on input line 175.
(pdftex.def)             Requested size: 184.9429pt x 184.2555pt.


[49 <./images/vae_viz_1.png> <./images/vae_viz_2.png> <./images/vae_viz_3.png> <./images/vae_viz_4.png>]) (./sections/ethic.tex
 10.


[50

]) (./sections/results.tex

[51]
 11.

Overfull \hbox (14.6172pt too wide) in paragraph at lines 6--32
[][] 
 []



[52

]) (./sections/further_perspectives.tex

[53]

[54]
 12.

Overfull \hbox (5.05139pt too wide) in paragraph at lines 1--1
|[]\OT1/cmr/bx/n/20.74 Future per-spec-tives and im-prove-ments| 
 []

<images/human_based_metric.png, id=1060, 444.66125pt x 509.905pt>
File: images/human_based_metric.png Graphic file (type png)
<use images/human_based_metric.png>
Package pdftex.def Info: images/human_based_metric.png  used on input line 7.
(pdftex.def)             Requested size: 227.62204pt x 261.02066pt.


[55

 <./images/human_based_metric.png>]) (./sections/dev_doc.tex

[56]
 13.
<images/doc.png, id=1073, 953.5625pt x 800.9925pt>
File: images/doc.png Graphic file (type png)
<use images/doc.png>
Package pdftex.def Info: images/doc.png  used on input line 4.
(pdftex.def)             Requested size: 452.9679pt x 380.49983pt.
) (./sections/conclusion.tex

[57

 <./images/doc.png>]
 14.
) (./report.bbl

[58

]
 15.
)

[59

] (./report.aux)
 ***********
LaTeX2e <2024-11-01> patch level 2
L3 programming layer <2025-01-18>
 ***********


LaTeX Font Warning: Some font shapes were not available, defaults substituted.


LaTeX Warning: There were multiply-defined labels.

Package rerunfilecheck Info: File `report.out' has not changed.
(rerunfilecheck)             Checksum: F86CBAD7263DE9733EAA8EF18B3AE7E9;15880.
 ) ) 
Here is how much of TeX's memory you used:
 24738 strings out of 473190
 439068 string characters out of 5715801
 1070533 words of memory out of 5000000
 47244 multiletter control sequences out of 15000+600000
 574179 words of font info for 96 fonts, out of 8000000 for 9000
 1141 hyphenation exceptions out of 8191
 79i,16n,93p,2439b,1968s stack positions out of 10000i,1000n,20000p,200000b,200000s
</usr/local/texlive/2025/texmf-dist/fonts/type1/public/amsfonts/cm/cmbsy10.pfb></usr/local/texlive/2025/texmf-dist/fonts/type1/public/amsfonts/cm/cmbx10.pfb></usr/local/texlive/2025/texmf-dist/fonts/type1/public/amsfonts/cm/cmbx12.pfb></usr/local/texlive/2025/texmf-dist/fonts/type1/public/amsfonts/cm/cmex10.pfb></usr/local/texlive/2025/texmf-dist/fonts/type1/public/amsfonts/cm/cmmi10.pfb></usr/local/texlive/2025/texmf-dist/fonts/type1/public/amsfonts/cm/cmmi12.pfb></usr/local/texlive/2025/texmf-dist/fonts/type1/public/amsfonts/cm/cmmi6.pfb></usr/local/texlive/2025/texmf-dist/fonts/type1/public/amsfonts/cm/cmmi8.pfb></usr/local/texlive/2025/texmf-dist/fonts/type1/public/amsfonts/cm/cmr10.pfb></usr/local/texlive/2025/texmf-dist/fonts/type1/public/amsfonts/cm/cmr6.pfb></usr/local/texlive/2025/texmf-dist/fonts/type1/public/amsfonts/cm/cmr8.pfb></usr/local/texlive/2025/texmf-dist/fonts/type1/public/amsfonts/cm/cmr9.pfb></usr/local/texlive/2025/texmf-dist/fonts/type1/public/amsfonts/cm/cmss10.pfb></usr/local/texlive/2025/texmf-dist/fonts/type1/public/amsfonts/cm/cmss12.pfb></usr/local/texlive/2025/texmf-dist/fonts/type1/public/amsfonts/cm/cmssbx10.pfb></usr/local/texlive/2025/texmf-dist/fonts/type1/public/amsfonts/cm/cmsy10.pfb></usr/local/texlive/2025/texmf-dist/fonts/type1/public/amsfonts/cm/cmsy6.pfb></usr/local/texlive/2025/texmf-dist/fonts/type1/public/amsfonts/cm/cmsy8.pfb></usr/local/texlive/2025/texmf-dist/fonts/type1/public/amsfonts/cm/cmti10.pfb></usr/local/texlive/2025/texmf-dist/fonts/type1/public/amsfonts/cm/cmtt10.pfb></usr/local/texlive/2025/texmf-dist/fonts/type1/public/amsfonts/cm/cmtt9.pfb></usr/local/texlive/2025/texmf-dist/fonts/type1/public/amsfonts/symbols/msbm10.pfb></usr/local/texlive/2025/texmf-dist/fonts/type1/public/cm-super/sfrm1095.pfb>
Output written on report.pdf (60 pages, 6854754 bytes).
PDF statistics:
 1264 PDF objects out of 1440 (max. 8388607)
 1067 compressed objects within 11 object streams
 281 named destinations out of 1000 (max. 500000)
 888 words of extra memory for PDF output out of 10000 (max. 10000000)

