\BOOKMARK [0][-]{chapter.1}{\376\377\000I\000n\000t\000r\000o\000d\000u\000c\000t\000i\000o\000n}{}% 1
\BOOKMARK [1][-]{section.1.1}{\376\377\000P\000r\000o\000b\000l\000e\000m\000\040\000s\000t\000a\000t\000e\000m\000e\000n\000t}{chapter.1}% 2
\BOOKMARK [1][-]{section.1.2}{\376\377\000W\000h\000a\000t\000\040\000d\000o\000\040\000w\000e\000\040\000m\000e\000a\000n\000\040\000b\000y\000\040\000"\000s\000m\000a\000l\000l\000"}{chapter.1}% 3
\BOOKMARK [1][-]{section.1.3}{\376\377\000R\000e\000p\000o\000r\000t\000\040\000v\000o\000c\000a\000b\000u\000l\000a\000r\000y}{chapter.1}% 4
\BOOKMARK [0][-]{chapter.2}{\376\377\000D\000a\000t\000a\000\040\000c\000o\000l\000l\000e\000c\000t\000i\000o\000n}{}% 5
\BOOKMARK [1][-]{section.2.1}{\376\377\000F\000r\000o\000m\000\040\000t\000h\000e\000\040\000S\000p\000o\000t\000i\000f\000y\000\040\000A\000P\000I}{chapter.2}% 6
\BOOKMARK [2][-]{subsection.2.1.1}{\376\377\000U\000s\000e\000r\000\040\000d\000a\000t\000a\000\040\000r\000e\000t\000r\000i\000e\000v\000a\000l}{section.2.1}% 7
\BOOKMARK [2][-]{subsection.2.1.2}{\376\377\000R\000e\000t\000r\000i\000e\000v\000a\000l\000\040\000o\000f\000\040\000t\000r\000a\000c\000k\000s\000\040\000t\000h\000a\000t\000\040\000a\000r\000e\000\040\000n\000o\000t\000\040\000r\000e\000l\000a\000t\000e\000d\000\040\000t\000o\000\040\000u\000s\000e\000r\000s}{section.2.1}% 8
\BOOKMARK [2][-]{subsection.2.1.3}{\376\377\000S\000p\000o\000t\000i\000f\000y\000\040\000f\000o\000r\000b\000i\000d\000d\000i\000n\000g\000\040\000A\000I\000\040\000t\000r\000a\000i\000n\000i\000n\000g}{section.2.1}% 9
\BOOKMARK [1][-]{section.2.2}{\376\377\000D\000a\000t\000a\000\040\000G\000e\000n\000e\000r\000a\000t\000i\000o\000n}{chapter.2}% 10
\BOOKMARK [2][-]{subsection.2.2.1}{\376\377\000G\000e\000n\000e\000r\000a\000t\000e\000d\000\040\000d\000a\000t\000a\000s\000e\000t\000s}{section.2.2}% 11
\BOOKMARK [1][-]{section.2.3}{\376\377\000A\000v\000a\000i\000l\000a\000b\000l\000e\000\040\000D\000a\000t\000a\000s\000e\000t\000s}{chapter.2}% 12
\BOOKMARK [0][-]{chapter.3}{\376\377\000D\000a\000t\000a\000\040\000A\000n\000a\000l\000y\000s\000i\000s}{}% 13
\BOOKMARK [1][-]{section.3.1}{\376\377\000U\000s\000e\000r\000\040\000b\000a\000s\000e\000d\000\040\000a\000n\000a\000l\000y\000s\000i\000s}{chapter.3}% 14
\BOOKMARK [2][-]{subsection.3.1.1}{\376\377\000T\000r\000a\000c\000k\000s\000\040\000q\000u\000a\000n\000t\000i\000t\000y\000\040\000p\000e\000r\000\040\000u\000s\000e\000r}{section.3.1}% 15
\BOOKMARK [2][-]{subsection.3.1.2}{\376\377\000U\000s\000e\000r\000\040\000g\000e\000n\000r\000e\000\040\000q\000u\000a\000n\000t\000i\000t\000y}{section.3.1}% 16
\BOOKMARK [2][-]{subsection.3.1.3}{\376\377\000U\000s\000e\000r\000\040\000f\000e\000a\000t\000u\000r\000e\000s\000\040\000d\000i\000s\000t\000r\000i\000b\000u\000t\000i\000o\000n}{section.3.1}% 17
\BOOKMARK [2][-]{subsection.3.1.4}{\376\377\000U\000s\000e\000r\000\040\000i\000n\000t\000e\000r\000a\000c\000t\000i\000o\000n\000s}{section.3.1}% 18
\BOOKMARK [2][-]{subsection.3.1.5}{\376\377\000U\000s\000e\000r\000\040\000f\000e\000a\000t\000u\000r\000e\000s\000\040\000p\000a\000i\000r\000p\000l\000o\000t}{section.3.1}% 19
\BOOKMARK [2][-]{subsection.3.1.6}{\376\377\000U\000s\000e\000r\000\040\000P\000C\000A\000\040\0002\000D}{section.3.1}% 20
\BOOKMARK [1][-]{section.3.2}{\376\377\000G\000e\000n\000r\000e\000\040\000b\000a\000s\000e\000d\000\040\000a\000n\000a\000l\000y\000s\000i\000s}{chapter.3}% 21
\BOOKMARK [2][-]{subsection.3.2.1}{\376\377\000Q\000u\000a\000n\000t\000i\000t\000y\000\040\000o\000f\000\040\000\050\000v\000e\000r\000y\000\051\000\040\000s\000p\000e\000c\000i\000f\000i\000c\000\040\000g\000e\000n\000r\000e\000s}{section.3.2}% 22
\BOOKMARK [2][-]{subsection.3.2.2}{\376\377\000Q\000u\000a\000n\000t\000i\000t\000y\000\040\000o\000f\000\040\000g\000e\000n\000r\000e\000s}{section.3.2}% 23
\BOOKMARK [2][-]{subsection.3.2.3}{\376\377\000G\000e\000n\000r\000e\000\040\000f\000e\000a\000t\000u\000r\000e\000s\000\040\000d\000i\000s\000t\000r\000i\000b\000u\000t\000i\000o\000n}{section.3.2}% 24
\BOOKMARK [2][-]{subsection.3.2.4}{\376\377\000G\000e\000n\000r\000e\000\040\000s\000c\000a\000t\000t\000e\000r\000\040\000m\000a\000t\000r\000i\000x}{section.3.2}% 25
\BOOKMARK [1][-]{section.3.3}{\376\377\000T\000h\000e\000\040\000w\000h\000o\000l\000e\000\040\000d\000a\000t\000a\000s\000e\000t}{chapter.3}% 26
\BOOKMARK [0][-]{chapter.4}{\376\377\000A\000f\000f\000i\000n\000i\000t\000y\000\040\000i\000n\000f\000e\000r\000e\000n\000c\000e\000\040\000o\000n\000\040\000S\000p\000o\000t\000i\000f\000y\000\040\000d\000a\000t\000a}{}% 27
\BOOKMARK [1][-]{section.4.1}{\376\377\000T\000o\000p\000\040\000t\000r\000a\000c\000k\000s}{chapter.4}% 28
\BOOKMARK [1][-]{section.4.2}{\376\377\000L\000i\000k\000e\000d\000\040\000t\000r\000a\000c\000k\000s}{chapter.4}% 29
\BOOKMARK [1][-]{section.4.3}{\376\377\000P\000l\000a\000y\000l\000i\000s\000t\000s\000\040\000t\000r\000a\000c\000k\000s}{chapter.4}% 30
\BOOKMARK [1][-]{section.4.4}{\376\377\000F\000i\000n\000a\000l\000\040\000v\000a\000l\000u\000e\000s}{chapter.4}% 31
\BOOKMARK [1][-]{section.4.5}{\376\377\000U\000n\000k\000n\000o\000w\000n\000\040\000t\000r\000a\000c\000k\000s}{chapter.4}% 32
\BOOKMARK [1][-]{section.4.6}{\376\377\000L\000o\000a\000d\000i\000n\000g\000\040\000t\000h\000e\000\040\000d\000a\000t\000a}{chapter.4}% 33
\BOOKMARK [0][-]{chapter.5}{\376\377\000M\000e\000t\000r\000i\000c\000s}{}% 34
\BOOKMARK [1][-]{section.5.1}{\376\377\000V\000e\000c\000t\000o\000r\000\040\000S\000e\000t\000\040\000D\000i\000v\000e\000r\000g\000e\000n\000c\000e\000\040\000\050\000V\000S\000D\000\051}{chapter.5}% 35
\BOOKMARK [2][-]{subsection.5.1.1}{\376\377\000S\000e\000t\000t\000i\000n\000g\000\040\000u\000p\000\040\000t\000h\000e\000\040\000g\000r\000o\000u\000n\000d\000\040\000t\000r\000u\000t\000h}{section.5.1}% 36
\BOOKMARK [2][-]{subsection.5.1.2}{\376\377\000D\000e\000a\000l\000i\000n\000g\000\040\000w\000i\000t\000h\000\040\000m\000u\000l\000t\000i\000p\000l\000e\000\040\000u\000s\000e\000r\000s}{section.5.1}% 37
\BOOKMARK [1][-]{section.5.2}{\376\377\000M\000P\000R\000,\000\040\000N\000D\000C\000G\000\040\000a\000n\000d\000\040\000R\000e\000c\000a\000l\000l}{chapter.5}% 38
\BOOKMARK [0][-]{chapter.6}{\376\377\000C\000o\000n\000t\000e\000n\000t\000-\000b\000a\000s\000e\000d\000\040\000f\000i\000l\000t\000e\000r\000i\000n\000g\000\040\000u\000s\000i\000n\000g\000\040\000N\000e\000a\000r\000e\000s\000t\000\040\000N\000e\000i\000g\000h\000b\000o\000r\000s}{}% 39
\BOOKMARK [1][-]{section.6.1}{\376\377\000E\000x\000p\000e\000c\000t\000e\000d\000\040\000r\000e\000s\000u\000l\000t\000s\000\040\000a\000n\000d\000\040\000t\000h\000o\000u\000g\000h\000t\000s}{chapter.6}% 40
\BOOKMARK [1][-]{section.6.2}{\376\377\000K\000e\000y\000\040\000d\000i\000f\000f\000e\000r\000e\000n\000c\000e\000\040\000w\000i\000t\000h\000\040\000c\000o\000l\000l\000a\000b\000o\000r\000a\000t\000i\000v\000e\000-\000f\000i\000l\000t\000e\000r\000i\000n\000g\000\040\000m\000e\000t\000h\000o\000d\000s}{chapter.6}% 41
\BOOKMARK [1][-]{section.6.3}{\376\377\000D\000a\000t\000a\000\040\000p\000r\000o\000c\000e\000s\000s\000i\000n\000g}{chapter.6}% 42
\BOOKMARK [2][-]{subsection.6.3.1}{\376\377\000L\000o\000a\000d\000i\000n\000g\000\040\000t\000h\000e\000\040\000d\000a\000t\000a}{section.6.3}% 43
\BOOKMARK [2][-]{subsection.6.3.2}{\376\377\000D\000r\000o\000p\000p\000i\000n\000g\000\040\000t\000h\000e\000\040\000d\000u\000p\000l\000i\000c\000a\000t\000e\000s\000\040\000\173\000"\000u\000s\000e\000r\000n\000a\000m\000e\000"\000,\000\040\000"\000i\000d\000"\000\175}{section.6.3}% 44
\BOOKMARK [2][-]{subsection.6.3.3}{\376\377\000S\000c\000a\000l\000i\000n\000g\000\040\000t\000h\000e\000\040\000n\000u\000m\000e\000r\000i\000c\000a\000l\000\040\000f\000e\000a\000t\000u\000r\000e\000s}{section.6.3}% 45
\BOOKMARK [2][-]{subsection.6.3.4}{\376\377\000S\000p\000l\000i\000t\000t\000i\000n\000g\000\040\000t\000h\000e\000\040\000u\000s\000e\000r\000\040\000s\000e\000t\000s}{section.6.3}% 46
\BOOKMARK [1][-]{section.6.4}{\376\377\000M\000o\000d\000e\000l\000\040\000s\000e\000l\000e\000c\000t\000i\000o\000n}{chapter.6}% 47
\BOOKMARK [2][-]{subsection.6.4.1}{\376\377\000G\000r\000i\000d\000\040\000S\000e\000a\000r\000c\000h}{section.6.4}% 48
\BOOKMARK [2][-]{subsection.6.4.2}{\376\377\000T\000e\000s\000t}{section.6.4}% 49
\BOOKMARK [1][-]{section.6.5}{\376\377\000I\000n\000f\000e\000r\000e\000n\000c\000e}{chapter.6}% 50
\BOOKMARK [0][-]{chapter.7}{\376\377\000C\000o\000l\000l\000a\000b\000o\000r\000a\000t\000i\000v\000e\000\040\000f\000i\000l\000t\000e\000r\000i\000n\000g\000\040\000w\000i\000t\000h\000\040\000i\000m\000p\000l\000i\000c\000i\000t\000\040\000f\000e\000e\000d\000b\000a\000c\000k}{}% 51
\BOOKMARK [1][-]{section.7.1}{\376\377\000N\000o\000t\000a\000t\000i\000o\000n\000s}{chapter.7}% 52
\BOOKMARK [1][-]{section.7.2}{\376\377\000D\000a\000t\000a\000\040\000p\000r\000o\000c\000e\000s\000s\000i\000n\000g}{chapter.7}% 53
\BOOKMARK [2][-]{subsection.7.2.1}{\376\377\000L\000o\000a\000d\000i\000n\000g\000\040\000t\000h\000e\000\040\000d\000a\000t\000a\000,\000\040\000d\000r\000o\000p\000p\000i\000n\000g\000\040\000t\000h\000e\000\040\000d\000u\000p\000l\000i\000c\000a\000t\000e\000s\000\040\000a\000n\000d\000\040\000s\000c\000a\000l\000e\000r}{section.7.2}% 54
\BOOKMARK [2][-]{subsection.7.2.2}{\376\377\000K\000e\000e\000p\000i\000n\000g\000\040\000t\000h\000e\000\040\000t\000r\000a\000c\000k\000s\000\040\000t\000h\000a\000t\000\040\000a\000p\000p\000e\000a\000r\000s\000\040\000a\000t\000\040\000l\000e\000a\000s\000t\000\040\000N\000\040\000t\000i\000m\000e\000s}{section.7.2}% 55
\BOOKMARK [2][-]{subsection.7.2.3}{\376\377\000S\000p\000l\000i\000t\000t\000i\000n\000g\000\040\000t\000h\000e\000\040\000u\000s\000e\000r\000\040\000s\000e\000t}{section.7.2}% 56
\BOOKMARK [2][-]{subsection.7.2.4}{\376\377\000B\000u\000i\000l\000d\000i\000n\000g\000\040\000t\000h\000e\000\040\000i\000n\000t\000e\000r\000a\000c\000t\000i\000o\000n\000\040\000m\000a\000t\000r\000i\000x}{section.7.2}% 57
\BOOKMARK [2][-]{subsection.7.2.5}{\376\377\000S\000c\000a\000l\000i\000n\000g\000\040\000t\000h\000e\000\040\000m\000a\000t\000r\000i\000x\000\040\000e\000n\000t\000r\000i\000e\000s}{section.7.2}% 58
\BOOKMARK [0][-]{chapter.8}{\376\377\000L\000o\000g\000i\000s\000t\000i\000c\000\040\000m\000a\000t\000r\000i\000x\000\040\000f\000a\000c\000t\000o\000r\000i\000z\000a\000t\000i\000o\000n}{}% 59
\BOOKMARK [1][-]{section.8.1}{\376\377\000G\000e\000n\000e\000r\000a\000l\000\040\000p\000r\000o\000b\000a\000b\000i\000l\000i\000s\000t\000i\000c\000\040\000f\000r\000a\000m\000e\000w\000o\000r\000k}{chapter.8}% 60
\BOOKMARK [1][-]{section.8.2}{\376\377\000O\000u\000r\000\040\000f\000r\000a\000m\000e\000w\000o\000r\000k}{chapter.8}% 61
\BOOKMARK [1][-]{section.8.3}{\376\377\000L\000e\000a\000r\000n\000i\000n\000g\000\040\000t\000h\000e\000\040\000p\000a\000r\000a\000m\000e\000t\000e\000r\000s}{chapter.8}% 62
\BOOKMARK [1][-]{section.8.4}{\376\377\000P\000r\000e\000d\000i\000c\000t\000i\000o\000n}{chapter.8}% 63
\BOOKMARK [1][-]{section.8.5}{\376\377\000T\000r\000a\000i\000n\000i\000n\000g\000\040\000p\000r\000o\000c\000e\000s\000s\000\040\000a\000n\000d\000\040\000m\000o\000d\000e\000l\000\040\000s\000e\000l\000e\000c\000t\000i\000o\000n}{chapter.8}% 64
\BOOKMARK [1][-]{section.8.6}{\376\377\000L\000a\000t\000e\000n\000t\000\040\000s\000p\000a\000c\000e\000\040\000v\000i\000s\000u\000a\000l\000i\000z\000a\000t\000i\000o\000n}{chapter.8}% 65
\BOOKMARK [0][-]{chapter.9}{\376\377\000V\000a\000r\000i\000a\000t\000i\000o\000n\000a\000l\000\040\000A\000u\000t\000o\000e\000n\000c\000o\000d\000e\000r\000s}{}% 66
\BOOKMARK [1][-]{section.9.1}{\376\377\000T\000h\000e\000\040\000g\000e\000n\000e\000r\000a\000l\000\040\000m\000o\000d\000e\000l}{chapter.9}% 67
\BOOKMARK [1][-]{section.9.2}{\376\377\000V\000a\000r\000i\000a\000t\000i\000o\000n\000a\000l\000\040\000i\000n\000f\000e\000r\000e\000n\000c\000e}{chapter.9}% 68
\BOOKMARK [1][-]{section.9.3}{\376\377\000L\000e\000a\000r\000n\000i\000n\000g\000\040\000t\000h\000e\000\040\000p\000a\000r\000a\000m\000e\000t\000e\000r\000s}{chapter.9}% 69
\BOOKMARK [1][-]{section.9.4}{\376\377\000P\000r\000e\000d\000i\000c\000t\000i\000o\000n}{chapter.9}% 70
\BOOKMARK [1][-]{section.9.5}{\376\377\000T\000r\000a\000i\000n\000i\000n\000g\000\040\000p\000r\000o\000c\000e\000s\000s\000\040\000a\000n\000d\000\040\000m\000o\000d\000e\000l\000\040\000s\000e\000l\000e\000c\000t\000i\000o\000n}{chapter.9}% 71
\BOOKMARK [1][-]{section.9.6}{\376\377\000L\000a\000t\000e\000n\000t\000\040\000d\000i\000s\000t\000r\000i\000b\000u\000t\000i\000o\000n\000\040\000v\000i\000s\000u\000a\000l\000i\000z\000a\000t\000i\000o\000n}{chapter.9}% 72
\BOOKMARK [0][-]{chapter.10}{\376\377\000E\000t\000h\000i\000c\000a\000l\000\040\000d\000i\000s\000c\000u\000s\000s\000i\000o\000n}{}% 73
\BOOKMARK [1][-]{section.10.1}{\376\377\000P\000r\000i\000v\000a\000c\000y\000,\000\040\000a\000n\000o\000n\000y\000m\000i\000z\000a\000t\000i\000o\000n\000\040\000m\000e\000t\000h\000o\000d\000\040\000a\000n\000d\000\040\000e\000t\000h\000i\000c\000a\000l\000\040\000d\000i\000s\000c\000u\000s\000s\000i\000o\000n\000\040\000o\000n\000\040\000o\000u\000r\000\040\000p\000r\000o\000j\000e\000c\000t}{chapter.10}% 74
\BOOKMARK [1][-]{section.10.2}{\376\377\000E\000t\000h\000i\000c\000a\000l\000\040\000d\000i\000s\000c\000u\000s\000s\000i\000o\000n\000\040\000o\000n\000\040\000r\000e\000c\000o\000m\000m\000e\000n\000d\000e\000r\000\040\000s\000y\000s\000t\000e\000m\000s}{chapter.10}% 75
\BOOKMARK [0][-]{chapter.11}{\376\377\000R\000e\000s\000u\000l\000t\000s\000\040\000a\000n\000d\000\040\000d\000i\000s\000c\000u\000s\000s\000i\000o\000n\000s}{}% 76
\BOOKMARK [1][-]{section.11.1}{\376\377\000R\000e\000s\000u\000l\000t\000s}{chapter.11}% 77
\BOOKMARK [1][-]{section.11.2}{\376\377\000M\000o\000d\000e\000l\000\040\000s\000e\000l\000e\000c\000t\000i\000o\000n}{chapter.11}% 78
\BOOKMARK [1][-]{section.11.3}{\376\377\000N\000N\000\040\000v\000s\000\040\000N\000N\000\040\000F\000u\000l\000l}{chapter.11}% 79
\BOOKMARK [1][-]{section.11.4}{\376\377\000B\000e\000s\000t\000\040\000N\000e\000a\000r\000e\000s\000t\000\040\000N\000e\000i\000g\000h\000b\000o\000r\000\040\000h\000y\000p\000e\000r\000-\000p\000a\000r\000a\000m\000e\000t\000e\000r\000s}{chapter.11}% 80
\BOOKMARK [1][-]{section.11.5}{\376\377\000D\000i\000s\000c\000u\000s\000s\000i\000o\000n}{chapter.11}% 81
\BOOKMARK [0][-]{chapter.12}{\376\377\000F\000u\000t\000u\000r\000e\000\040\000p\000e\000r\000s\000p\000e\000c\000t\000i\000v\000e\000s\000\040\000a\000n\000d\000\040\000i\000m\000p\000r\000o\000v\000e\000m\000e\000n\000t\000s}{}% 82
\BOOKMARK [1][-]{section.12.1}{\376\377\000S\000p\000a\000r\000s\000e\000\040\000m\000a\000t\000r\000i\000x\000\040\000s\000u\000p\000p\000o\000r\000t\000\040\000f\000o\000r\000\040\000l\000a\000r\000g\000e\000\040\000b\000a\000t\000c\000h\000e\000s}{chapter.12}% 83
\BOOKMARK [1][-]{section.12.2}{\376\377\000H\000u\000m\000a\000n\000\040\000b\000a\000s\000e\000d\000\040\000m\000e\000t\000r\000i\000c\000s}{chapter.12}% 84
\BOOKMARK [1][-]{section.12.3}{\376\377\000I\000n\000d\000i\000v\000i\000d\000u\000a\000l\000\040\000i\000m\000p\000r\000o\000v\000e\000m\000e\000n\000t\000s\000\040\000o\000f\000\040\000t\000h\000e\000\040\000m\000o\000d\000e\000l\000s}{chapter.12}% 85
\BOOKMARK [1][-]{section.12.4}{\376\377\000M\000e\000t\000r\000i\000c\000\040\000c\000o\000m\000p\000a\000t\000i\000b\000i\000l\000i\000t\000y}{chapter.12}% 86
\BOOKMARK [0][-]{chapter.13}{\376\377\000D\000e\000v\000e\000l\000o\000p\000e\000r\000\040\000d\000o\000c\000u\000m\000e\000n\000t\000a\000t\000i\000o\000n}{}% 87
\BOOKMARK [0][-]{chapter.14}{\376\377\000C\000o\000n\000c\000l\000u\000s\000i\000o\000n}{}% 88
\BOOKMARK [0][-]{chapter.15}{\376\377\000B\000i\000b\000l\000i\000o\000g\000r\000a\000p\000h\000y}{}% 89
